[    0.000000] Booting Linux on physical CPU 0
[    0.000000] Initializing cgroup subsys cpu
[    0.000000] Linux version 3.4.39 (allwinner@steven) (gcc version 4.6.3 20120201 (prerelease) (crosstool-NG linaro-1.13.1-2012.02-20120222 - Linaro5
[    0.000000] Ignoring tag cmdline (using the default kernel command line)
[    0.000000] bootconsole [earlycon0] enabled
[    0.000000] cma: CMA: reserved 160 MiB at 56000000
[    0.000000] Memory policy: ECC disabled, Data cache writealloc
[    0.000000] On node 0 totalpages: 131072
[    0.000000] free_area_init_node: node 0, pgdat c0a6d6c0, node_mem_map c0b49000
[    0.000000]   Normal zone: 1152 pages used for memmap
[    0.000000]   Normal zone: 0 pages reserved
[    0.000000]   Normal zone: 129920 pages, LIFO batch:31
[    0.000000] script_init enter!
[    0.000000] script_init exit!
[    0.000000] PERCPU: Embedded 8 pages/cpu @c0fdb000 s11840 r8192 d12736 u32768
[    0.000000] pcpu-alloc: s11840 r8192 d12736 u32768 alloc=8*4096
[    0.000000] pcpu-alloc: [0] 0 [0] 1 [0] 2 [0] 3 
[    0.000000] Built 1 zonelists in Zone order, mobility grouping on.  Total pages: 129920
[    0.000000] Kernel command line: earlyprintk=ttyS0,115200 loglevel=8 console=ttyS0,115200 console=tty0 root=/dev/mmcblk0p2 rootfstype=ext4 elevato 
[    0.000000] PID hash table entries: 2048 (order: 1, 8192 bytes)
[    0.000000] Dentry cache hash table entries: 65536 (order: 6, 262144 bytes)
[    0.000000] Inode-cache hash table entries: 32768 (order: 5, 131072 bytes)
[    0.000000] Memory: 512MB = 512MB total
[    0.000000] Memory: 343104k/343104k available, 181184k reserved, 0K highmem
[    0.000000] Virtual kernel memory layout:
[    0.000000]     vector  : 0xffff0000 - 0xffff1000   (   4 kB)
[    0.000000]     fixmap  : 0xfff00000 - 0xfffe0000   ( 896 kB)
[    0.000000]     vmalloc : 0xe0800000 - 0xff000000   ( 488 MB)
[    0.000000]     lowmem  : 0xc0000000 - 0xe0000000   ( 512 MB)
[    0.000000]     pkmap   : 0xbfe00000 - 0xc0000000   (   2 MB)
[    0.000000]     modules : 0xbf000000 - 0xbfe00000   (  14 MB)
[    0.000000]       .text : 0xc0008000 - 0xc099e7e4   (9818 kB)
[    0.000000]       .init : 0xc099f000 - 0xc09f1e40   ( 332 kB)
[    0.000000]       .data : 0xc09f2000 - 0xc0a70138   ( 505 kB)
[    0.000000]        .bss : 0xc0a708ec - 0xc0b489b8   ( 865 kB)
[    0.000000] Preemptible hierarchical RCU implementation.
[    0.000000]  Additional per-CPU info printed with stalls.
[    0.000000] NR_IRQS:544
[    0.000000] Architected local timer running at 24.00MHz.
[    0.000000] Switching to timer-based delay loop
[    0.000000] sched_clock: 32 bits at 24MHz, resolution 41ns, wraps every 178956ms
[    0.000000] Console: colour dummy device 80x30
[    0.000000] console [tty0] enabled, bootconsole disabled
[    0.000000] Booting Linux on physical CPU 0
[    0.000000] Initializing cgroup subsys cpu
[    0.000000] Linux version 3.4.39 (allwinner@steven) (gcc version 4.6.3 20120201 (prerelease) (crosstool-NG linaro-1.13.1-2012.02-20120222 - Linaro5
[    0.000000] CPU: ARMv7 Processor [410fc075] revision 5 (ARMv7), cr=10c5387d
[    0.000000] CPU: PIPT / VIPT nonaliasing data cache, VIPT aliasing instruction cache
[    0.000000] Machine: sun8i
[    0.000000] Ignoring tag cmdline (using the default kernel command line)
[    0.000000] bootconsole [earlycon0] enabled
[    0.000000] cma: CMA: reserved 160 MiB at 56000000
[    0.000000] Memory policy: ECC disabled, Data cache writealloc
[    0.000000] On node 0 totalpages: 131072
[    0.000000] free_area_init_node: node 0, pgdat c0a6d6c0, node_mem_map c0b49000
[    0.000000]   Normal zone: 1152 pages used for memmap
[    0.000000]   Normal zone: 0 pages reserved
[    0.000000]   Normal zone: 129920 pages, LIFO batch:31
[    0.000000] script_init enter!
[    0.000000] script_init exit!
[    0.000000] PERCPU: Embedded 8 pages/cpu @c0fdb000 s11840 r8192 d12736 u32768
[    0.000000] pcpu-alloc: s11840 r8192 d12736 u32768 alloc=8*4096
[    0.000000] pcpu-alloc: [0] 0 [0] 1 [0] 2 [0] 3 
[    0.000000] Built 1 zonelists in Zone order, mobility grouping on.  Total pages: 129920
[    0.000000] Kernel command line: earlyprintk=ttyS0,115200 loglevel=8 console=ttyS0,115200 console=tty0 root=/dev/mmcblk0p2 rootfstype=ext4 elevato 
[    0.000000] PID hash table entries: 2048 (order: 1, 8192 bytes)
[    0.000000] Dentry cache hash table entries: 65536 (order: 6, 262144 bytes)
[    0.000000] Inode-cache hash table entries: 32768 (order: 5, 131072 bytes)
[    0.000000] Memory: 512MB = 512MB total
[    0.000000] Memory: 343104k/343104k available, 181184k reserved, 0K highmem
[    0.000000] Virtual kernel memory layout:
[    0.000000]     vector  : 0xffff0000 - 0xffff1000   (   4 kB)
[    0.000000]     fixmap  : 0xfff00000 - 0xfffe0000   ( 896 kB)
[    0.000000]     vmalloc : 0xe0800000 - 0xff000000   ( 488 MB)
[    0.000000]     lowmem  : 0xc0000000 - 0xe0000000   ( 512 MB)
[    0.000000]     pkmap   : 0xbfe00000 - 0xc0000000   (   2 MB)
[    0.000000]     modules : 0xbf000000 - 0xbfe00000   (  14 MB)
[    0.000000]       .text : 0xc0008000 - 0xc099e7e4   (9818 kB)
[    0.000000]       .init : 0xc099f000 - 0xc09f1e40   ( 332 kB)
[    0.000000]       .data : 0xc09f2000 - 0xc0a70138   ( 505 kB)
[    0.000000]        .bss : 0xc0a708ec - 0xc0b489b8   ( 865 kB)
[    0.000000] Preemptible hierarchical RCU implementation.
[    0.000000]  Additional per-CPU info printed with stalls.
[    0.000000] NR_IRQS:544
[    0.000000] Architected local timer running at 24.00MHz.
[    0.000000] Switching to timer-based delay loop
[    0.000000] sched_clock: 32 bits at 24MHz, resolution 41ns, wraps every 178956ms
[    0.000000] Console: colour dummy device 80x30
[    0.000000] console [tty0] enabled, bootconsole disabled
[    0.019904] Calibrating delay loop (skipped), value calculated using timer frequency.. 4800.00 BogoMIPS (lpj=24000000)
[    0.019957] pid_max: default: 32768 minimum: 301
[    0.020223] Mount-cache hash table entries: 512
[    0.021095] Initializing cgroup subsys cpuacct
[    0.021125] Initializing cgroup subsys freezer
[    0.021172] CPU: Testing write buffer coherency: ok
[    0.021232] ftrace: allocating 25659 entries in 76 pages
[    0.050252] CPU0: thread -1, cpu 0, socket 0, mpidr 80000000
[    0.050286] [sunxi_smp_prepare_cpus] enter
[    0.050326] Setting up static identity map for 0x406b9730 - 0x406b9788
[    0.051155] CPU1: Booted secondary processor
[    0.051155] CPU1: thread -1, cpu 1, socket 0, mpidr 80000001
[    0.051287] CPU2: Booted secondary processor
[    0.051287] CPU2: thread -1, cpu 2, socket 0, mpidr 80000002
[    0.051287] CPU3: Booted secondary processor
[    0.051287] CPU3: thread -1, cpu 3, socket 0, mpidr 80000003
[    0.060172] Brought up 4 CPUs
[    0.060255] SMP: Total of 4 processors activated (19200.00 BogoMIPS).
[    0.060825] devtmpfs: initialized
[    0.063288] wakeup src cnt is : 1. 
[    0.063308] [exstandby]leave extended_standby_enable_wakeup_src : event 0x800000
[    0.063332] [exstandby]leave extended_standby_enable_wakeup_src : wakeup_gpio_map 0x0
[    0.063356] [exstandby]leave extended_standby_enable_wakeup_src : wakeup_gpio_group 0x40
[    0.063381] sunxi pm init
[    0.063512] pinctrl core: initialized pinctrl subsystem
[    0.070954] NET: Registered protocol family 16
[    0.071664] DMA: preallocated 2048 KiB pool for atomic coherent allocations
[    0.071664] script_sysfs_init success
[    0.071664] sunxi_dump_init success
[    0.072145] gpiochip_add: registered GPIOs 0 to 383 on device: sunxi-pinctrl
[    0.072145] sunxi-pinctrl sunxi-pinctrl: initialized sunXi PIO driver
[    0.072145] hw-breakpoint: found 5 (+1 reserved) breakpoint and 4 watchpoint registers.
[    0.072145] hw-breakpoint: maximum watchpoint size is 8 bytes.
[    0.072145] script config pll_video to 297 Mhz
[    0.072145] script config pll_de to 864 Mhz
[    0.072145] script config pll_ve to 402 Mhz
[    0.072145] sunxi_default_clk_init
[    0.072145] try to set pll6ahb1 to 200000000
[    0.072145] try to set ahb clk source to pll6ahb1
[    0.072145] set ahb clk source to pll6ahb1
[    0.072145] try to set ahb1 to 200000000
[    0.072145] try to set apb1 to 100000000
[    0.072442] ===fe3o4==== sunxi_root_procfs_attach ret:0
[    0.080213] bio: create slab <bio-0> at 0
[    0.080365] [ARISC] :sunxi-arisc driver v1.04
[    0.091813] [ARISC] :arisc version: [v0.1.34]
[    0.168945] [ARISC] :sunxi-arisc driver v1.04 startup succeeded
[    0.170386] SCSI subsystem initialized
[    0.170576] usbcore: registered new interface driver usbfs
<6>[    0.170653] usbcore: registered new interface driver hub
[    0.170693] usbcore: registered new device driver usb
[    0.170693] twi_chan_cfg()335 - [twi0] has no twi_regulator.
[    0.170693] twi_chan_cfg()335 - [twi1] has no twi_regulator.
[    0.170693] twi_chan_cfg()335 - [twi2] has no twi_regulator.
[    0.170693] Linux video capture interface: v2.00
[    0.170696] Advanced Linux Sound Architecture Driver Version 1.0.25.
[    0.171167] Bluetooth: Core ver 2.16
[    0.171215] NET: Registered protocol family 31
[    0.171234] Bluetooth: HCI device and connection manager initialized
[    0.171259] Bluetooth: HCI socket layer initialized
[    0.171279] Bluetooth: L2CAP socket layer initialized
[    0.171319] Bluetooth: SCO socket layer initialized
[    0.171530] cfg80211: Calling CRDA to update world regulatory domain
[    0.180260] Switching to clocksource arch_sys_counter
[    0.192114] FS-Cache: Loaded
[    0.192391] CacheFiles: Loaded
[    0.202312] NET: Registered protocol family 2
[    0.202575] IP route cache hash table entries: 4096 (order: 2, 16384 bytes)
[    0.203062] TCP established hash table entries: 16384 (order: 5, 131072 bytes)
[    0.203306] TCP bind hash table entries: 16384 (order: 5, 196608 bytes)
[    0.203523] TCP: Hash tables configured (established 16384 bind 16384)
[    0.203547] TCP: reno registered
[    0.203566] UDP hash table entries: 256 (order: 1, 8192 bytes)
[    0.203600] UDP-Lite hash table entries: 256 (order: 1, 8192 bytes)
[    0.203855] NET: Registered protocol family 1
[    0.204182] RPC: Registered named UNIX socket transport module.
[    0.204209] RPC: Registered udp transport module.
[    0.204228] RPC: Registered tcp transport module.
[    0.204245] RPC: Registered tcp NFSv4.1 backchannel transport module.
[    0.204701] hw perfevents: enabled with ARMv7 Cortex_A7 PMU driver, 5 counters available
[    0.204817] sunxi_reg_init enter
[    0.205435] audit: initializing netlink socket (disabled)
[    0.205487] type=2000 audit(0.200:1): initialized
[    0.207418] Installing knfsd (copyright (C) 1996 okir@monad.swb.de).
[    0.208089] NTFS driver 2.1.30 [Flags: R/W].
[    0.208209] fuse init (API version 7.18)
[    0.208887] Btrfs loaded
[    0.208920] msgmni has been set to 990
[    0.209909] io scheduler noop registered
[    0.209933] io scheduler deadline registered (default)
[    0.210057] io scheduler cfq registered
[    0.210457] [DISP]disp_module_init
[    0.210741] cmdline,disp=
[    0.217228] [DISP] Fb_map_kernel_logo,line:925:Fb_map_kernel_logo failed!
[    0.229995] Console: switching to colour frame buffer device 160x45
[    0.242886] [DISP]disp_module_init finish
[    0.243171] sw_uart_get_devinfo()1503 - uart0 has no uart_regulator.
[    0.243585] uart0: ttyS0 at MMIO 0x1c28000 (irq = 32) is a SUNXI
[    0.243729] sw_uart_pm()890 - uart0 clk is already enable
[    0.243860] sw_console_setup()1233 - console setup baud 115200 parity n bits 8, flow n
[    0.435839] console [ttyS0] enabled
[    0.570878] sunxi_cmatest_init enter
[    0.750071] sunxi_cmatest_init success
[    0.753759] loop: module loaded
[    0.869940] sunxi_spi_chan_cfg()1355 - [spi-0] has no spi_regulator.
[    1.028621] sunxi_spi_chan_cfg()1355 - [spi-1] has no spi_regulator.
[    1.176256] tun: Universal TUN/TAP device driver, 1.6
[    1.474420] tun: (C) 1999-2004 Max Krasnyansky <maxk@qualcomm.com>
[    1.551243] can't get item for emac_power gpio !
[    1.560280] PPP generic driver version 2.4.2
[    1.568539] PPP BSD Compression module registered
[    1.577107] PPP Deflate Compression module registered
[    1.586749] PPP MPPE Compression module registered
[    1.595405] NET: Registered protocol family 24
[    1.603641] PPTP driver version 0.8.5
[    1.611141] ehci_hcd: USB 2.0 'Enhanced' Host Controller (EHCI) Driver
[    1.641821] sunxi-ehci sunxi-ehci.1: SW USB2.0 'Enhanced' Host Controller (EHCI) Driver
[    1.654232] sunxi-ehci sunxi-ehci.1: new USB bus registered, assigned bus number 1
[    1.666673] sunxi-ehci sunxi-ehci.1: irq 104, io mem 0xf1c1a000
[    1.690030] sunxi-ehci sunxi-ehci.1: USB 0.0 started, EHCI 1.00
[    1.700509] hub 1-0:1.0: USB hub found
[    1.708012] hub 1-0:1.0: 1 port detected
[    1.735980] sunxi-ehci sunxi-ehci.2: SW USB2.0 'Enhanced' Host Controller (EHCI) Driver
[    1.748282] sunxi-ehci sunxi-ehci.2: new USB bus registered, assigned bus number 2
[    1.760509] sunxi-ehci sunxi-ehci.2: irq 106, io mem 0xf1c1b000
[    1.790036] sunxi-ehci sunxi-ehci.2: USB 0.0 started, EHCI 1.00
[    1.800433] hub 2-0:1.0: USB hub found
[    1.807959] hub 2-0:1.0: 1 port detected
[    1.836047] sunxi-ehci sunxi-ehci.3: SW USB2.0 'Enhanced' Host Controller (EHCI) Driver
[    1.848465] sunxi-ehci sunxi-ehci.3: new USB bus registered, assigned bus number 3
[    1.860839] sunxi-ehci sunxi-ehci.3: irq 108, io mem 0xf1c1c000
[    1.890036] sunxi-ehci sunxi-ehci.3: USB 0.0 started, EHCI 1.00
[    1.900581] hub 3-0:1.0: USB hub found
[    1.908217] hub 3-0:1.0: 1 port detected
[    1.936325] sunxi-ehci sunxi-ehci.4: SW USB2.0 'Enhanced' Host Controller (EHCI) Driver
[    1.948743] sunxi-ehci sunxi-ehci.4: new USB bus registered, assigned bus number 4
[    1.961061] sunxi-ehci sunxi-ehci.4: irq 110, io mem 0xf1c1d000
[    1.990043] sunxi-ehci sunxi-ehci.4: USB 0.0 started, EHCI 1.00
[    2.000511] hub 4-0:1.0: USB hub found
[    2.008008] hub 4-0:1.0: 1 port detected
[    2.015952] ohci_hcd: USB 1.1 'Open' Host Controller (OHCI) Driver
[    2.046211] sunxi-ohci sunxi-ohci.1: SW USB2.0 'Open' Host Controller (OHCI) Driver
[    2.058198] sunxi-ohci sunxi-ohci.1: new USB bus registered, assigned bus number 5
[    2.070127] sunxi-ohci sunxi-ohci.1: irq 105, io mem 0xf1c1a400
[    2.144510] hub 5-0:1.0: USB hub found
[    2.152175] hub 5-0:1.0: 1 port detected
[    2.180279] sunxi-ohci sunxi-ohci.2: SW USB2.0 'Open' Host Controller (OHCI) Driver
[    2.192320] sunxi-ohci sunxi-ohci.2: new USB bus registered, assigned bus number 6
[    2.204251] sunxi-ohci sunxi-ohci.2: irq 107, io mem 0xf1c1b400
[    2.274485] hub 6-0:1.0: USB hub found
[    2.282146] hub 6-0:1.0: 1 port detected
[    2.310238] sunxi-ohci sunxi-ohci.3: SW USB2.0 'Open' Host Controller (OHCI) Driver
[    2.322324] sunxi-ohci sunxi-ohci.3: new USB bus registered, assigned bus number 7
[    2.334327] sunxi-ohci sunxi-ohci.3: irq 109, io mem 0xf1c1c400
[    2.404473] hub 7-0:1.0: USB hub found
[    2.412158] hub 7-0:1.0: 1 port detected
[    2.440225] sunxi-ohci sunxi-ohci.4: SW USB2.0 'Open' Host Controller (OHCI) Driver
[    2.452264] sunxi-ohci sunxi-ohci.4: new USB bus registered, assigned bus number 8
[    2.464212] sunxi-ohci sunxi-ohci.4: irq 111, io mem 0xf1c1d400
[    2.534462] hub 8-0:1.0: USB hub found
[    2.542120] hub 8-0:1.0: 1 port detected
[    2.550262] Initializing USB Mass Storage driver...
[    2.559309] usbcore: registered new interface driver usb-storage
[    2.569451] USB Mass Storage support registered.
[    2.578078] usbcore: registered new interface driver ums-alauda
[    2.588212] usbcore: registered new interface driver ums-cypress
[    2.598379] usbcore: registered new interface driver ums-datafab
[    2.608519] usbcore: registered new interface driver ums_eneub6250
[    2.618760] usbcore: registered new interface driver ums-freecom
[    2.628738] usbcore: registered new interface driver ums-isd200
[    2.638555] usbcore: registered new interface driver ums-jumpshot
[    2.648590] usbcore: registered new interface driver ums-karma
[    2.658222] usbcore: registered new interface driver ums-onetouch
[    2.668149] usbcore: registered new interface driver ums-realtek
[    2.677860] usbcore: registered new interface driver ums-sddr09
[    2.687397] usbcore: registered new interface driver ums-sddr55
[    2.696866] usbcore: registered new interface driver ums-usbat
[    2.706282] usbcore: registered new interface driver usbserial
[    2.715571] usbcore: registered new interface driver usbserial_generic
[    2.725610] USB Serial support registered for generic
[    2.733970] usbserial: USB Serial Driver core
[    2.741524] usbcore: registered new interface driver ch341
[    2.750333] USB Serial support registered for ch341-uart
[    2.758960] usbcore: registered new interface driver cp210x
[    2.767879] USB Serial support registered for cp210x
[    2.776220] usbcore: registered new interface driver ftdi_sio
[    2.785341] USB Serial support registered for FTDI USB Serial Device
[    2.795413] ftdi_sio: v1.6.0:USB FTDI Serial Converters Driver
[    2.804682] usbcore: registered new interface driver option
[    2.813641] USB Serial support registered for GSM modem (1-port)
[    2.823450] usbcore: registered new interface driver pl2303
[    2.832437] USB Serial support registered for pl2303
[    2.841020] file system registered
[    2.849026] android_usb gadget: Mass Storage Function, version: 2009/09/11
[    2.859501] android_usb gadget: Number of LUNs=3
[    2.867430]  lun0: LUN: removable file: (no medium)
[    2.875603]  lun1: LUN: removable file: (no medium)
[    2.883701]  lun2: LUN: removable file: (no medium)
[    2.892050] android_usb gadget: android_usb ready
[    2.899998]  uinput result 0 , vmouse_init 
[    2.907821] mousedev: PS/2 mouse device common for all mice
[    2.917303] ls_fetch_sysconfig_para: type err  device_used = -712499400. 
[    2.927591] =========script_get_err============
[    2.935289] ltr_init: ls_fetch_sysconfig_para err.
[    2.943518] [RTC] WARNING: Rtc time will be wrong!!
[    2.951849] sunxi-rtc sunxi-rtc: rtc core: registered sunxi-rtc as rtc0
[    2.962145] IR RC5(x) protocol handler initialized
[    2.970419] sunxi tsc version 0.1 
[    2.977099] tscdev_init: tsc driver is disabled
[    2.985304] sunxi cedar version 0.1 
[    2.992293] [cedar]: install start!!!
[    2.999529] [cedar]: install end!!!
[    3.006438] sunxi_wdt_init_module: sunxi WatchDog Timer Driver v1.0
[    3.016681] sunxi_wdt_probe: devm_ioremap return wdt_reg 0xf1c20ca0, res->start 0x01c20ca0, res->end 0x01c20cbf
[    3.028023] sunxi_wdt_probe: initialized (g_timeout=16s, g_nowayout=0)
[    3.042026] wdt_enable, write reg 0xf1c20cb8 val 0x00000000
[    3.051691] timeout_to_interv, line 167
[    3.059437] interv_to_timeout, line 189
[    3.067211] wdt_set_tmout, write 0x000000b0 to mode reg 0xf1c20cb8, actual timeout 16 sec
[    3.080267] device-mapper: ioctl: 4.22.0-ioctl (2011-10-19) initialised: dm-devel@redhat.com
[    3.093383] Bluetooth: HCI UART driver ver 2.2
[    3.102059] [cpu_freq] ERR:get cpu extremity frequency from sysconfig failed, use max_freq
[    3.115319] [mmc]: SD/MMC/SDIO Host Controller Driver(v1.109 2014-12-4 20:51) Compiled in Jun 21 2015 at 13:06:36
[    3.130712] [mmc]: get mmc0's sdc_power is null!
[    3.139741] [mmc]: get mmc1's sdc_power is null!
[    3.148690] [mmc]: get mmc1's 2xmode ok, val = 1
[    3.157576] [mmc]: get mmc1's ddrmode ok, val = 1
[    3.166535] [mmc]: MMC host used card: 0x3, boot card: 0x0, io_card 2
[    3.171962] [ARISC ERROR] :message process error
[    3.171970] [ARISC ERROR] :message addr   : f004b840
[    3.171977] [ARISC ERROR] :message state  : 5
[    3.171982] [ARISC ERROR] :message attr   : 2
[    3.171988] [ARISC ERROR] :message type   : 30
[    3.171994] [ARISC ERROR] :message result : ff
[    3.172000] [ARISC WARING] :callback not install
[    3.172008] [cpu_freq] ERR:set cpu frequency to 1344MHz failed!
[    3.252801] [ARISC ERROR] :message process error
[    3.261465] [ARISC ERROR] :message addr   : f004b840
[    3.270462] [ARISC ERROR] :message state  : 5
[    3.278718] [ARISC ERROR] :message attr   : 2
[    3.286918] [ARISC ERROR] :message type   : 30
[    3.295126] [ARISC ERROR] :message result : ff
[    3.303252] [ARISC WARING] :callback not install
[    3.311562] [cpu_freq] ERR:set cpu frequency to 1536MHz failed!
[    3.326889] [ARISC ERROR] :message process error
[    3.335196] [ARISC ERROR] :message addr   : f004b840
[    3.343831] [ARISC ERROR] :message state  : 5
[    3.351737] [ARISC ERROR] :message attr   : 2
[    3.359589] [ARISC ERROR] :message type   : 30
[    3.367508] [ARISC ERROR] :message result : ff
[    3.375392] [ARISC WARING] :callback not install
[    3.383515] [cpu_freq] ERR:set cpu frequency to 1536MHz failed!
[    3.398768] [ARISC ERROR] :message process error
[    3.406814] [ARISC ERROR] :message addr   : f004b840
[    3.415147] [ARISC ERROR] :message state  : 5
[    3.422721] [ARISC ERROR] :message attr   : 2
[    3.430231] [ARISC ERROR] :message type   : 30
[    3.437806] [ARISC ERROR] :message result : ff
[    3.445281] [ARISC WARING] :callback not install
[    3.452877] [cpu_freq] ERR:set cpu frequency to 1536MHz failed!
[    3.467566] [ARISC ERROR] :message process error
[    3.475064] [ARISC ERROR] :message addr   : f004b840
[    3.482822] [ARISC ERROR] :message state  : 5
[    3.489753] [ARISC ERROR] :message attr   : 2
[    3.496704] [ARISC ERROR] :message type   : 30
[    3.503743] [ARISC ERROR] :message result : ff
[    3.510760] [ARISC WARING] :callback not install
[    3.517929] [cpu_freq] ERR:set cpu frequency to 1536MHz failed!
[    3.532116] [ARISC ERROR] :message process error
[    3.539334] [ARISC ERROR] :message addr   : f004b840
[    3.546968] [ARISC ERROR] :message state  : 5
[    3.553928] [ARISC ERROR] :message attr   : 2
[    3.560891] [ARISC ERROR] :message type   : 30
[    3.567943] [ARISC ERROR] :message result : ff
[    3.574976] [ARISC WARING] :callback not install
[    3.582175] [cpu_freq] ERR:set cpu frequency to 1536MHz failed!
[    3.596529] [ARISC ERROR] :message process error
[    3.603781] [ARISC ERROR] :message addr   : f004b840
[    3.611435] [ARISC ERROR] :message state  : 5
[    3.618407] [ARISC ERROR] :message attr   : 2
[    3.625387] [ARISC ERROR] :message type   : 30
[    3.632461] [ARISC ERROR] :message result : ff
[    3.639488] [ARISC WARING] :callback not install
[    3.646690] [cpu_freq] ERR:set cpu frequency to 1536MHz failed!
[    3.661089] [ARISC ERROR] :message process error
[    3.668336] [ARISC ERROR] :message addr   : f004b840
[    3.675990] [ARISC ERROR] :message state  : 5
[    3.682967] [ARISC ERROR] :message attr   : 2
[    3.689932] [ARISC ERROR] :message type   : 30
[    3.697002] [ARISC ERROR] :message result : ff
[    3.704042] [ARISC WARING] :callback not install
[    3.711240] [cpu_freq] ERR:set cpu frequency to 1536MHz failed!
[    3.725452] [ARISC ERROR] :message process error
[    3.732706] [ARISC ERROR] :message addr   : f004b840
[    3.740352] [ARISC ERROR] :message state  : 5
[    3.747312] [ARISC ERROR] :message attr   : 2
[    3.754282] [ARISC ERROR] :message type   : 30
[    3.761352] [ARISC ERROR] :message result : ff
[    3.768369] [ARISC WARING] :callback not install
[    3.775557] [cpu_freq] ERR:set cpu frequency to 1536MHz failed!
[    3.784584] [mmc]: sdc0 set ios: clk 0Hz bm OD pm OFF vdd 3.3V width 1 timing LEGACY(SDR12) dt B
[    3.799885] [mmc]: sdc1 set ios: clk 0Hz bm OD pm OFF vdd 3.3V width 1 timing LEGACY(SDR12) dt B
[    3.816019] usbcore: registered new interface driver usbhid
[    3.824534] usbhid: USB HID core driver
[    3.834582] asoc: sndcodec <-> sunxi-codec mapping ok
[    3.845609] asoc: sndhdmi <-> sunxi-hdmiaudio.0 mapping ok
[    3.855009] oprofile: using arm/armv7-ca7
[    3.862013] u32 classifier
[    3.867336]     Actions configured
[    3.873465] Netfilter messages via NETLINK v0.30.
[    3.881166] nf_conntrack version 0.5.0 (7921 buckets, 31684 max)
[    3.890733] ctnetlink v0.93: registering with nfnetlink.
[    3.896066] [ARISC ERROR] :message process error
[    3.896075] [ARISC ERROR] :message addr   : f004b840
[    3.896081] [ARISC ERROR] :message state  : 5
[    3.896086] [ARISC ERROR] :message attr   : 2
[    3.896092] [ARISC ERROR] :message type   : 30
[    3.896098] [ARISC ERROR] :message result : ff
[    3.896103] [ARISC WARING] :callback not install
[    3.896111] [cpu_freq] ERR:set cpu frequency to 1536MHz failed!
[    3.961080] NF_TPROXY: Transparent proxy support initialized, version 4.1.0
[    3.971475] NF_TPROXY: Copyright (c) 2006-2007 BalaBit IT Ltd.
[    3.980935] xt_time: kernel timezone is -0000
[    3.988550] IPv4 over IPv4 tunneling driver
[    3.996208] gre: GRE over IPv4 demultiplexor driver
[    4.004290] ip_gre: GRE over IPv4 tunneling driver
[    4.012932] ip_tables: (C) 2000-2006 Netfilter Core Team
[    4.021799] arp_tables: (C) 2002 David S. Miller
[    4.029794] TCP: cubic registered
[    4.036312] Initializing XFRM netlink socket
[    4.044110] NET: Registered protocol family 10
[    4.052967] Mobile IPv6
[    4.058476] ip6_tables: (C) 2000-2006 Netfilter Core Team
[    4.067558] IPv6 over IPv4 tunneling driver
[    4.076112] NET: Registered protocol family 17
[    4.084046] NET: Registered protocol family 15
[    4.092106] Bluetooth: RFCOMM TTY layer initialized
[    4.100586] Bluetooth: RFCOMM socket layer initialized
[    4.109277] Bluetooth: RFCOMM ver 1.11
[    4.116361] Bluetooth: BNEP (Ethernet Emulation) ver 1.3
[    4.125129] Bluetooth: BNEP filters: protocol multicast
[    4.133866] Bluetooth: HIDP (Human Interface Emulation) ver 1.2
[    4.143407] L2TP core driver, V2.0
[    4.149996] PPPoL2TP kernel driver, V2.0
[    4.157150] L2TP IP encapsulation support (L2TPv3)
[    4.165344] L2TP netlink interface
[    4.171933] L2TP ethernet pseudowire support (L2TPv3)
[    4.180588] VFP support v0.3: implementor 41 architecture 2 part 30 variant 7 rev 5
[    4.192055] ThumbEE CPU extension supported.
[    4.199723] Registering SWP/SWPB emulation handler
[    4.207981] sunxi_bootup_extend_init: bootup extend state 1
[    4.217931] cmdline,disp=
[    4.223753] [HDMI] power vcc-hdmi-18
[    4.261368] sunxi-rtc sunxi-rtc: hctosys: unable to read the hardware clock
[    4.272168] ths_fetch_sysconfig_para: type err  device_used = 1. 
[    4.283299] CPU Budget:Register notifier
[    4.290854] CPU Budget:register Success
[    4.298272] sunxi-budget-cooling sunxi-budget-cooling: Cooling device registered: thermal-budget-0
[    4.314350] [rf_pm]: select module num is 7
[    4.322390] [rf_pm]: module power0 name vcc-wifi-33
[    4.331149] [rf_pm]: failed to fetch module_power1
[    4.339753] [rf_pm]: mod has no chip_en gpio
[    4.347711] [rf_pm]: failed to fetch lpo_use_apclk
[    4.356252] [rf_pm]: regulator on.
[    4.363207] [wifi_pm]: no wifi used in configuration
[    4.371914] ALSA device list:
[    4.378348]   #0: audiocodec
[    4.384677]   #1: sndhdmi
[    4.390863] Waiting for root device /dev/mmcblk0p2...
[    4.565635] [ARISC ERROR] :message process error
[    4.573924] [ARISC ERROR] :message addr   : f004b840
[    4.582554] [ARISC ERROR] :message state  : 5
[    4.590446] [ARISC ERROR] :message attr   : 2
[    4.598262] [ARISC ERROR] :message type   : 30
[    4.606154] [ARISC ERROR] :message result : ff
[    4.614046] [ARISC WARING] :callback not install
[    4.622128] [cpu_freq] ERR:set cpu frequency to 1536MHz failed!
[    4.785021] [mmc]: mmc 0 detect change, present 1
[    4.865630] [ARISC ERROR] :message process error
[    4.873808] [ARISC ERROR] :message addr   : f004b840
[    4.880029] [DISP] disp_device_attached_and_enable,line:159:attched ok, mgr0<-->device0, type=4, mode=4
[    4.895976] [ARISC ERROR] :message state  : 5
[    4.903987] [ARISC ERROR] :message attr   : 2
[    4.911973] [ARISC ERROR] :message type   : 30
[    4.919985] [ARISC ERROR] :message result : ff
[    4.927969] [ARISC WARING] :callback not install
[    4.936137] [cpu_freq] ERR:set cpu frequency to 1536MHz failed!
[    4.951518] [ARISC ERROR] :message process error
[    4.959614] [ARISC ERROR] :message addr   : f004b840
[    4.968074] [ARISC ERROR] :message state  : 5
[    4.975794] [ARISC ERROR] :message attr   : 2
[    4.983452] [ARISC ERROR] :message type   : 30
[    4.991180] [ARISC ERROR] :message result : ff
[    4.998810] [ARISC WARING] :callback not install
[    5.006598] [cpu_freq] ERR:set cpu frequency to 1536MHz failed!
[    5.175425] [ARISC ERROR] :message process error
[    5.183301] [ARISC ERROR] :message addr   : f004b840
[    5.191438] [ARISC ERROR] :message state  : 5
[    5.198757] [ARISC ERROR] :message attr   : 2
[    5.206051] [ARISC ERROR] :message type   : 30
[    5.213410] [ARISC ERROR] :message result : ff
[    5.220734] [ARISC WARING] :callback not install
[    5.228244] [cpu_freq] ERR:set cpu frequency to 1536MHz failed!
[    5.290058] [mmc]: sdc0 set ios: clk 0Hz bm PP pm UP vdd 3.3V width 1 timing LEGACY(SDR12) dt B
[    5.303867] [mmc]: sdc0 power_supply is null
[    5.330055] [mmc]: sdc0 set ios: clk 400000Hz bm PP pm ON vdd 3.3V width 1 timing LEGACY(SDR12) dt B
[    5.335780] [ARISC ERROR] :message process error
[    5.335788] [ARISC ERROR] :message addr   : f004b840
[    5.335794] [ARISC ERROR] :message state  : 5
[    5.335799] [ARISC ERROR] :message attr   : 2
[    5.335805] [ARISC ERROR] :message type   : 30
[    5.335811] [ARISC ERROR] :message result : ff
[    5.335816] [ARISC WARING] :callback not install
[    5.335823] [cpu_freq] ERR:set cpu frequency to 1536MHz failed!
[    5.411666] [ARISC ERROR] :message process error
[    5.419527] [ARISC ERROR] :message addr   : f004b840
[    5.422360] [mmc]: *** sunxi_mci_dump_errinfo(L826): smc 0 err, cmd 52,  RTO !!
[    5.423199] [mmc]: *** sunxi_mci_dump_errinfo(L826): smc 0 err, cmd 52,  RTO !!
[    5.423228] [mmc]: sdc0 set ios: clk 400000Hz bm PP pm ON vdd 3.3V width 1 timing LEGACY(SDR12) dt B
[    5.425721] [mmc]: sdc0 set ios: clk 400000Hz bm PP pm ON vdd 3.3V width 1 timing LEGACY(SDR12) dt B
[    5.427151] *******************Try sdio*******************
[    5.427967] [mmc]: *** sunxi_mci_dump_errinfo(L826): smc 0 err, cmd 5,  RTO !!
[    5.428800] [mmc]: *** sunxi_mci_dump_errinfo(L826): smc 0 err, cmd 5,  RTO !!
[    5.429632] [mmc]: *** sunxi_mci_dump_errinfo(L826): smc 0 err, cmd 5,  RTO !!
[    5.430465] [mmc]: *** sunxi_mci_dump_errinfo(L826): smc 0 err, cmd 5,  RTO !!
[    5.430497] *******************Try sd *******************
[    5.431143] [mmc]: sdc0 set ios: clk 400000Hz bm PP pm ON vdd 3.3V width 1 timing LEGACY(SDR12) dt B
[    5.431257] [mmc]: sdc0 set ios: clk 400000Hz bm PP pm ON vdd 3.3V width 1 timing LEGACY(SDR12) dt B
[    5.433748] [mmc]: sdc0 set ios: clk 400000Hz bm PP pm ON vdd 3.3V width 1 timing LEGACY(SDR12) dt B
[    5.471543] [mmc]: sdc0 set ios: clk 25000000Hz bm PP pm ON vdd 3.3V width 1 timing LEGACY(SDR12) dt B
[    5.475885] [mmc]: sdc0 set ios: clk 25000000Hz bm PP pm ON vdd 3.3V width 1 timing LEGACY(SDR12) dt B
[    5.476010] [mmc]: sdc0 set ios: clk 25000000Hz bm PP pm ON vdd 3.3V width 4 timing LEGACY(SDR12) dt B
[    5.476092] mmc0: new SDHC card at address e624
[    5.476558] mmcblk0: mmc0:e624 SU08G 7.40 GiB 
[    5.481520]  mmcblk0: p1 p2
[    5.482165] *******************sd init ok*******************
[    5.607841] [ARISC ERROR] :message state  : 5
[    5.651251] [ARISC ERROR] :message attr   : 2
[    5.658901] [ARISC ERROR] :message type   : 30
[    5.666655] [ARISC ERROR] :message result : ff
[    5.674403] [ARISC WARING] :callback not install
[    5.682344] [cpu_freq] ERR:set cpu frequency to 1536MHz failed!
[    5.945697] [ARISC ERROR] :message process error
[    5.953606] [ARISC ERROR] :message addr   : f004b840
[    5.961803] [ARISC ERROR] :message state  : 5
[    5.969206] [ARISC ERROR] :message attr   : 2
[    5.976501] [ARISC ERROR] :message type   : 30
[    5.983876] [ARISC ERROR] :message result : ff
[    5.991255] [ARISC WARING] :callback not install
[    5.998861] [cpu_freq] ERR:set cpu frequency to 1536MHz failed!
[    6.013671] [ARISC ERROR] :message process error
[    6.021434] [ARISC ERROR] :message addr   : f004b840
[    6.029562] [ARISC ERROR] :message state  : 5
[    6.036959] [ARISC ERROR] :message attr   : 2
[    6.044282] [ARISC ERROR] :message type   : 30
[    6.051689] [ARISC ERROR] :message result : ff
[    6.058994] [ARISC WARING] :callback not install
[    6.066556] [cpu_freq] ERR:set cpu frequency to 1536MHz failed!
[    6.180425] EXT4-fs (mmcblk0p2): recovery complete
[    6.190628] EXT4-fs (mmcblk0p2): mounted filesystem with ordered data mode. Opts: (null)
[    6.202173] VFS: Mounted root (ext4 filesystem) on device 179:2.
[    6.215164] devtmpfs: mounted
[    6.221269] Freeing init memory: 328K
[    7.140833] udevd[192]: starting version 175
[    7.494889] vmouse_input_dev_open 
[    7.640162] vmouse_input_dev_close 
[    9.113497] EXT4-fs (mmcblk0p2): re-mounted. Opts: (null)
[    9.353687] EXT4-fs (mmcblk0p2): re-mounted. Opts: (null)
[    9.789525] 8189es: disagrees about version of symbol module_layout

Raspbian GNU/Linux 7 orangepi ttyS0

orangepi login:
